// Validating benchmarks:
// ***** BenchmarkRunner: Start   *****
// ***** Found 1 benchmark(s) in total *****
// ***** Building 1 exe(s) in Parallel: Start   *****
// ***** Done, took 00:00:00 (0.01 sec)   *****
// Found 1 benchmarks:
//   ReferencedPrincipalUpdateBenchmarks.ReferencedPrincipalWithChild: ShortRun(Toolchain=InProcessEmitToolchain, InvocationCount=1, IterationCount=1, LaunchCount=1, UnrollFactor=1, WarmupCount=1)

// **************************
// Benchmark: ReferencedPrincipalUpdateBenchmarks.ReferencedPrincipalWithChild: ShortRun(Toolchain=InProcessEmitToolchain, InvocationCount=1, IterationCount=1, LaunchCount=1, UnrollFactor=1, WarmupCount=1)
// *** Execute ***
// Launch: 1 / 1
// ! Failed to set up priority High for process System.Diagnostics.Process (DuckDB.EFCoreProvider.Benchmarks). Make sure you have the right permissions. Message: Permission denied

// Benchmark Process Environment Information:
// BenchmarkDotNet v0.15.8
// Runtime=.NET 10.0.8 (10.0.8, 10.0.826.23019), Arm64 RyuJIT armv8.0-a
// GC=Concurrent Workstation
// HardwareIntrinsics=ArmBase+AdvSimd,AES,CRC32,DP,RDM,SHA1,SHA256 VectorSize=128
// Job: Job-FLVAQY(Toolchain=InProcessEmitToolchain, InvocationCount=1, IterationCount=1, LaunchCount=1, UnrollFactor=1, WarmupCount=1)

OverheadJitting  1: 25 op, 70917.00 ns, 2.8367 us/op

System.Reflection.TargetInvocationException: Exception has been thrown by the target of an invocation.
 ---> Microsoft.EntityFrameworkCore.DbUpdateException: An error occurred while saving the entity changes. See the inner exception for details.
 ---> DuckDB.NET.Data.DuckDBException (0x00000012): Constraint Error: Violates foreign key constraint because key "ParentExternalId: 11111111-1111-1111-1111-111111111111" is still referenced by a foreign key in a different table. If this is an unexpected constraint violation, please refer to our foreign key limitations in the documentation
   at DuckDB.NET.Data.PreparedStatement.PreparedStatement.Execute(DuckDBParameterCollection parameterCollection, Boolean useStreamingMode, DuckDBNativeConnection connection)
   at DuckDB.NET.Data.PreparedStatement.PreparedStatement.PrepareMultiple(DuckDBNativeConnection connection, String query, DuckDBParameterCollection parameters, Boolean useStreamingMode)+MoveNext()
   at DuckDB.NET.Data.DuckDBDataReader.InitNextReader()
   at DuckDB.NET.Data.DuckDBDataReader..ctor(DuckDBCommand command, IEnumerable`1 queryResults, CommandBehavior behavior)
   at DuckDB.NET.Data.DuckDBCommand.ExecuteDbDataReader(CommandBehavior behavior)
   at Microsoft.EntityFrameworkCore.Storage.RelationalCommand.ExecuteReader(RelationalCommandParameterObject parameterObject)
   at Microsoft.EntityFrameworkCore.Update.ReaderModificationCommandBatch.Execute(IRelationalConnection connection)
   --- End of inner exception stack trace ---
   at Microsoft.EntityFrameworkCore.Update.ReaderModificationCommandBatch.Execute(IRelationalConnection connection)
   at Microsoft.EntityFrameworkCore.Update.Internal.BatchExecutor.Execute(IEnumerable`1 commandBatches, IRelationalConnection connection)
   at Microsoft.EntityFrameworkCore.Storage.RelationalDatabase.SaveChanges(IList`1 entries)
   at Microsoft.EntityFrameworkCore.ChangeTracking.Internal.StateManager.SaveChanges(IList`1 entriesToSave)
   at Microsoft.EntityFrameworkCore.ChangeTracking.Internal.StateManager.SaveChanges(StateManager stateManager, Boolean acceptAllChangesOnSuccess)
   at Microsoft.EntityFrameworkCore.ChangeTracking.Internal.StateManager.<>c.<SaveChanges>b__114_0(DbContext _, ValueTuple`2 t)
   at Microsoft.EntityFrameworkCore.Storage.NonRetryingExecutionStrategy.Execute[TState,TResult](TState state, Func`3 operation, Func`3 verifySucceeded)
   at Microsoft.EntityFrameworkCore.ChangeTracking.Internal.StateManager.SaveChanges(Boolean acceptAllChangesOnSuccess)
   at Microsoft.EntityFrameworkCore.DbContext.SaveChanges(Boolean acceptAllChangesOnSuccess)
   at Microsoft.EntityFrameworkCore.DbContext.SaveChanges()
   at DuckDB.EFCoreProvider.Benchmarks.ReferencedPrincipalUpdateBenchmarks.ReferencedPrincipalWithChild() in /private/tmp/duckdb-provider-referenced-update-before/test/DuckDB.EFCoreProvider.Benchmarks/ReferencedPrincipalUpdateBenchmarks.cs:line 65
   at BenchmarkDotNet.Autogenerated.Runnable_0.WorkloadActionUnroll(Int64 invokeCount)
   at BenchmarkDotNet.Engines.Engine.Measure(Action`1 action, Int64 invokeCount)
   at BenchmarkDotNet.Engines.Engine.RunIteration(IterationData data)
   at BenchmarkDotNet.Engines.EngineFactory.Jit(Engine engine, Int32 jitIndex, Int32 invokeCount, Int32 unrollFactor)
   at BenchmarkDotNet.Engines.EngineFactory.CreateReadyToRun(EngineParameters engineParameters)
   at BenchmarkDotNet.Autogenerated.Runnable_0.Run(BenchmarkCase benchmarkCase, IHost host)
   at System.Reflection.MethodBaseInvoker.InterpretedInvoke_Method(Object obj, IntPtr* args)
   at System.Reflection.MethodBaseInvoker.InvokeDirectByRefWithFewArgs(Object obj, Span`1 copyOfArgs, BindingFlags invokeAttr)
   --- End of inner exception stack trace ---
   at System.Reflection.MethodBaseInvoker.InvokeDirectByRefWithFewArgs(Object obj, Span`1 copyOfArgs, BindingFlags invokeAttr)
   at System.Reflection.MethodBaseInvoker.InvokeWithFewArgs(Object obj, BindingFlags invokeAttr, Binder binder, Object[] parameters, CultureInfo culture)
   at System.Reflection.RuntimeMethodInfo.Invoke(Object obj, BindingFlags invokeAttr, Binder binder, Object[] parameters, CultureInfo culture)
   at BenchmarkDotNet.Toolchains.InProcess.Emit.Implementation.RunnableProgram.Run(BenchmarkId benchmarkId, Assembly partitionAssembly, BenchmarkCase benchmarkCase, IHost host)
// ! Failed to set up priority Normal for process System.Diagnostics.Process (DuckDB.EFCoreProvider.Benchmarks). Make sure you have the right permissions. Message: Operation not permitted
Executable /private/tmp/duckdb-provider-referenced-update-before/test/DuckDB.EFCoreProvider.Benchmarks/bin/Release/net10.0/DuckDB.EFCoreProvider.Benchmarks-ShortRun-1Emitted.dll not found
ExitCode != 0 and no results reported
No Workload Results were obtained from the run.

// ** Remained 0 (0.0%) benchmark(s) to run. Estimated finish 2026-07-30 19:37 (0h 0m from now) **
// ***** BenchmarkRunner: Finish  *****

// * Export *
  private/tmp/duckdb-referenced-update-benchmarks/before-with-child-failure/results/DuckDB.EFCoreProvider.Benchmarks.ReferencedPrincipalUpdateBenchmarks-report.csv
  private/tmp/duckdb-referenced-update-benchmarks/before-with-child-failure/results/DuckDB.EFCoreProvider.Benchmarks.ReferencedPrincipalUpdateBenchmarks-report-github.md
  private/tmp/duckdb-referenced-update-benchmarks/before-with-child-failure/results/DuckDB.EFCoreProvider.Benchmarks.ReferencedPrincipalUpdateBenchmarks-report.html

// * Detailed results *
ReferencedPrincipalUpdateBenchmarks.ReferencedPrincipalWithChild: ShortRun(Toolchain=InProcessEmitToolchain, InvocationCount=1, IterationCount=1, LaunchCount=1, UnrollFactor=1, WarmupCount=1)
Runtime = ; GC =
There are not any results runs

// * Summary *

BenchmarkDotNet v0.15.8, macOS Tahoe 26.5.2 (25F84) [Darwin 25.5.0]
Unknown processor
.NET SDK 10.0.300
  [Host] : .NET 10.0.8 (10.0.8, 10.0.826.23019), Arm64 RyuJIT armv8.0-a

Job=ShortRun  Toolchain=InProcessEmitToolchain  InvocationCount=1
IterationCount=1  LaunchCount=1  UnrollFactor=1
WarmupCount=1

| Method                       | Mean | Error |
|----------------------------- |-----:|------:|
| ReferencedPrincipalWithChild |   NA |    NA |

Benchmarks with issues:
  ReferencedPrincipalUpdateBenchmarks.ReferencedPrincipalWithChild: ShortRun(Toolchain=InProcessEmitToolchain, InvocationCount=1, IterationCount=1, LaunchCount=1, UnrollFactor=1, WarmupCount=1)

// * Legends *
  Mean  : Arithmetic mean of all measurements
  Error : Half of 99.9% confidence interval
  1 ns  : 1 Nanosecond (0.000000001 sec)

// * Diagnostic Output - MemoryDiagnoser *


// ***** BenchmarkRunner: End *****
Run time: 00:00:00 (0.55 sec), executed benchmarks: 0

Global total time: 00:00:00 (0.83 sec), executed benchmarks: 0
// * Artifacts cleanup *
Artifacts cleanup is finished
